*raw
:PREROUTING ACCEPT
:OUTPUT ACCEPT
-A PREROUTING -p udp -m udp --sport 53 -j CT --zone 1
-A OUTPUT -p udp -m udp --dport 53 -m owner --uid-owner 5678 -j CT --zone 1
-A OUTPUT -p udp -m udp --sport 15053 -m owner --uid-owner 5678 -j CT --zone 2
-A OUTPUT -p udp -m udp --dport 53 -j CT --zone 2
COMMIT
*nat
:PREROUTING ACCEPT
:INPUT ACCEPT
:POSTROUTING ACCEPT
:OUTPUT ACCEPT
:KUMA_MESH_INBOUND -
:KUMA_MESH_OUTBOUND -
:KUMA_MESH_INBOUND_REDIRECT -
:KUMA_MESH_OUTBOUND_REDIRECT -
-A PREROUTING -p tcp -j KUMA_MESH_INBOUND
-A OUTPUT -p udp -m udp --dport 53 -m owner --uid-owner 5678 -j RETURN
-A OUTPUT -p udp -m udp --dport 53 -j REDIRECT --to-ports 15053
-A OUTPUT -p tcp -j KUMA_MESH_OUTBOUND
-A KUMA_MESH_INBOUND -p tcp -j KUMA_MESH_INBOUND_REDIRECT
-A KUMA_MESH_OUTBOUND -s 127.0.0.6/32 -o ifPlaceholder -j RETURN
-A KUMA_MESH_OUTBOUND ! -d 127.0.0.1/32 -o ifPlaceholder -p tcp -m tcp ! --dport 53 -m owner --uid-owner 5678 -j KUMA_MESH_INBOUND_REDIRECT
-A KUMA_MESH_OUTBOUND -o ifPlaceholder -p tcp -m tcp ! --dport 53 -m owner ! --uid-owner 5678 -j RETURN
-A KUMA_MESH_OUTBOUND -m owner --uid-owner 5678 -j RETURN
-A KUMA_MESH_OUTBOUND -p tcp -m tcp --dport 53 -j REDIRECT --to-ports 15053
-A KUMA_MESH_OUTBOUND -d 127.0.0.1/32 -j RETURN
-A KUMA_MESH_OUTBOUND -j KUMA_MESH_OUTBOUND_REDIRECT
-A KUMA_MESH_INBOUND_REDIRECT -p tcp -j REDIRECT --to-ports 15006
-A KUMA_MESH_OUTBOUND_REDIRECT -p tcp -j REDIRECT --to-ports 15001
COMMIT
