#compdef _kumactl kumactl


function _kumactl {
  local -a commands

  _arguments -C \
    '--config-file[path to the configuration file to use]:' \
    '--log-level[log level: one of off|info|debug]:' \
    '(-m --mesh)'{-m,--mesh}'[mesh to use]:' \
    "1: :->cmnds" \
    "*::arg:->args"

  case $state in
  cmnds)
    commands=(
      "apply:Create or modify Kuma resources"
      "completion:Output shell completion code for bash, fish or zsh"
      "config:Manage kumactl config"
      "delete:Delete Kuma resources"
      "generate:Generate resources, tokens, etc"
      "get:Show Kuma resources"
      "help:Help about any command"
      "inspect:Inspect Kuma resources"
      "install:Install Kuma on Kubernetes"
      "version:Print version"
    )
    _describe "command" commands
    ;;
  esac

  case "$words[1]" in
  apply)
    _kumactl_apply
    ;;
  completion)
    _kumactl_completion
    ;;
  config)
    _kumactl_config
    ;;
  delete)
    _kumactl_delete
    ;;
  generate)
    _kumactl_generate
    ;;
  get)
    _kumactl_get
    ;;
  help)
    _kumactl_help
    ;;
  inspect)
    _kumactl_inspect
    ;;
  install)
    _kumactl_install
    ;;
  version)
    _kumactl_version
    ;;
  esac
}

function _kumactl_apply {
  _arguments \
    '--dry-run[Resolve variable and prints result out without actual applying]' \
    '(-f --file)'{-f,--file}'[Path to file to apply]:' \
    '(-v --var)'{-v,--var}'[Variable to replace in configuration]:' \
    '--config-file[path to the configuration file to use]:' \
    '--log-level[log level: one of off|info|debug]:' \
    '(-m --mesh)'{-m,--mesh}'[mesh to use]:'
}


function _kumactl_completion {
  local -a commands

  _arguments -C \
    '--config-file[path to the configuration file to use]:' \
    '--log-level[log level: one of off|info|debug]:' \
    '(-m --mesh)'{-m,--mesh}'[mesh to use]:' \
    "1: :->cmnds" \
    "*::arg:->args"

  case $state in
  cmnds)
    commands=(
      "bash:Output shell completions for bash"
      "fish:Output shell completions for fish"
      "zsh:Output shell completions for zsh"
    )
    _describe "command" commands
    ;;
  esac

  case "$words[1]" in
  bash)
    _kumactl_completion_bash
    ;;
  fish)
    _kumactl_completion_fish
    ;;
  zsh)
    _kumactl_completion_zsh
    ;;
  esac
}

function _kumactl_completion_bash {
  _arguments \
    '--config-file[path to the configuration file to use]:' \
    '--log-level[log level: one of off|info|debug]:' \
    '(-m --mesh)'{-m,--mesh}'[mesh to use]:'
}

function _kumactl_completion_fish {
  _arguments \
    '--config-file[path to the configuration file to use]:' \
    '--log-level[log level: one of off|info|debug]:' \
    '(-m --mesh)'{-m,--mesh}'[mesh to use]:'
}

function _kumactl_completion_zsh {
  _arguments \
    '(-h --help)'{-h,--help}'[help for zsh]' \
    '--config-file[path to the configuration file to use]:' \
    '--log-level[log level: one of off|info|debug]:' \
    '(-m --mesh)'{-m,--mesh}'[mesh to use]:'
}


function _kumactl_config {
  local -a commands

  _arguments -C \
    '--config-file[path to the configuration file to use]:' \
    '--log-level[log level: one of off|info|debug]:' \
    '(-m --mesh)'{-m,--mesh}'[mesh to use]:' \
    "1: :->cmnds" \
    "*::arg:->args"

  case $state in
  cmnds)
    commands=(
      "control-planes:Manage known Control Planes"
      "view:Show kumactl config"
    )
    _describe "command" commands
    ;;
  esac

  case "$words[1]" in
  control-planes)
    _kumactl_config_control-planes
    ;;
  view)
    _kumactl_config_view
    ;;
  esac
}


function _kumactl_config_control-planes {
  local -a commands

  _arguments -C \
    '--config-file[path to the configuration file to use]:' \
    '--log-level[log level: one of off|info|debug]:' \
    '(-m --mesh)'{-m,--mesh}'[mesh to use]:' \
    "1: :->cmnds" \
    "*::arg:->args"

  case $state in
  cmnds)
    commands=(
      "add:Add a Control Plane"
      "list:List Control Planes"
      "remove:Remove a Control Plane"
      "switch:Switch active Control Plane"
    )
    _describe "command" commands
    ;;
  esac

  case "$words[1]" in
  add)
    _kumactl_config_control-planes_add
    ;;
  list)
    _kumactl_config_control-planes_list
    ;;
  remove)
    _kumactl_config_control-planes_remove
    ;;
  switch)
    _kumactl_config_control-planes_switch
    ;;
  esac
}

function _kumactl_config_control-planes_add {
  _arguments \
    '--address[URL of the Control Plane API Server (required)]:' \
    '--admin-client-cert[Path to certificate of a client that is authorized to use Admin Server]:' \
    '--admin-client-key[Path to certificate key of a client that is authorized to use Admin Server]:' \
    '--name[reference name for the Control Plane (required)]:' \
    '--overwrite[overwrite existing Control Plane with the same reference name]' \
    '--config-file[path to the configuration file to use]:' \
    '--log-level[log level: one of off|info|debug]:' \
    '(-m --mesh)'{-m,--mesh}'[mesh to use]:'
}

function _kumactl_config_control-planes_list {
  _arguments \
    '--config-file[path to the configuration file to use]:' \
    '--log-level[log level: one of off|info|debug]:' \
    '(-m --mesh)'{-m,--mesh}'[mesh to use]:'
}

function _kumactl_config_control-planes_remove {
  _arguments \
    '--name[reference name for the Control Plane (required)]:' \
    '--config-file[path to the configuration file to use]:' \
    '--log-level[log level: one of off|info|debug]:' \
    '(-m --mesh)'{-m,--mesh}'[mesh to use]:'
}

function _kumactl_config_control-planes_switch {
  _arguments \
    '--name[reference name for the Control Plane (required)]:' \
    '--config-file[path to the configuration file to use]:' \
    '--log-level[log level: one of off|info|debug]:' \
    '(-m --mesh)'{-m,--mesh}'[mesh to use]:'
}

function _kumactl_config_view {
  _arguments \
    '--config-file[path to the configuration file to use]:' \
    '--log-level[log level: one of off|info|debug]:' \
    '(-m --mesh)'{-m,--mesh}'[mesh to use]:'
}

function _kumactl_delete {
  _arguments \
    '--config-file[path to the configuration file to use]:' \
    '--log-level[log level: one of off|info|debug]:' \
    '(-m --mesh)'{-m,--mesh}'[mesh to use]:'
}


function _kumactl_generate {
  local -a commands

  _arguments -C \
    '--config-file[path to the configuration file to use]:' \
    '--log-level[log level: one of off|info|debug]:' \
    '(-m --mesh)'{-m,--mesh}'[mesh to use]:' \
    "1: :->cmnds" \
    "*::arg:->args"

  case $state in
  cmnds)
    commands=(
      "dataplane-token:Generate Dataplane Token"
      "tls-certificate:Generate a TLS certificate"
    )
    _describe "command" commands
    ;;
  esac

  case "$words[1]" in
  dataplane-token)
    _kumactl_generate_dataplane-token
    ;;
  tls-certificate)
    _kumactl_generate_tls-certificate
    ;;
  esac
}

function _kumactl_generate_dataplane-token {
  _arguments \
    '--dataplane[name of the Dataplane]:' \
    '--tag[required tag values for dataplane (split values by comma to provide multiple values)]:' \
    '--config-file[path to the configuration file to use]:' \
    '--log-level[log level: one of off|info|debug]:' \
    '(-m --mesh)'{-m,--mesh}'[mesh to use]:'
}

function _kumactl_generate_tls-certificate {
  _arguments \
    '--cert-file[path to a file with a generated TLS certificate]:' \
    '*--cp-hostname[DNS name of the control plane]:' \
    '--key-file[path to a file with a generated private key]:' \
    '--type[type of the certificate: one of client|server]:' \
    '--config-file[path to the configuration file to use]:' \
    '--log-level[log level: one of off|info|debug]:' \
    '(-m --mesh)'{-m,--mesh}'[mesh to use]:'
}


function _kumactl_get {
  local -a commands

  _arguments -C \
    '(-o --output)'{-o,--output}'[output format: one of table|yaml|json]:' \
    '--config-file[path to the configuration file to use]:' \
    '--log-level[log level: one of off|info|debug]:' \
    '(-m --mesh)'{-m,--mesh}'[mesh to use]:' \
    "1: :->cmnds" \
    "*::arg:->args"

  case $state in
  cmnds)
    commands=(
      "circuit-breaker:Show a single CircuitBreaker resource"
      "circuit-breakers:Show CircuitBreakers"
      "dataplane:Show a single Dataplane resource"
      "dataplanes:Show Dataplanes"
      "fault-injection:Show a single Fault-Injection resource"
      "fault-injections:Show FaultInjections"
      "healthcheck:Show a single HealthCheck resource"
      "healthchecks:Show HealthChecks"
      "mesh:Show a single Mesh resource"
      "meshes:Show Meshes"
      "proxytemplate:Show a single Proxytemplate resource"
      "proxytemplates:Show ProxyTemplates"
      "secret:Show a single Secret resource"
      "secrets:Show Secrets"
      "traffic-log:Show a single TrafficLog resource"
      "traffic-logs:Show TrafficLogs"
      "traffic-permission:Show a single TrafficPermission resource"
      "traffic-permissions:Show TrafficPermissions"
      "traffic-route:Show a single TrafficRoute resource"
      "traffic-routes:Show TrafficRoutes"
      "traffic-trace:Show a single TrafficTrace resource"
      "traffic-traces:Show TrafficTraces"
      "zone:Show a single Zone resource"
      "zones:Show Zones"
    )
    _describe "command" commands
    ;;
  esac

  case "$words[1]" in
  circuit-breaker)
    _kumactl_get_circuit-breaker
    ;;
  circuit-breakers)
    _kumactl_get_circuit-breakers
    ;;
  dataplane)
    _kumactl_get_dataplane
    ;;
  dataplanes)
    _kumactl_get_dataplanes
    ;;
  fault-injection)
    _kumactl_get_fault-injection
    ;;
  fault-injections)
    _kumactl_get_fault-injections
    ;;
  healthcheck)
    _kumactl_get_healthcheck
    ;;
  healthchecks)
    _kumactl_get_healthchecks
    ;;
  mesh)
    _kumactl_get_mesh
    ;;
  meshes)
    _kumactl_get_meshes
    ;;
  proxytemplate)
    _kumactl_get_proxytemplate
    ;;
  proxytemplates)
    _kumactl_get_proxytemplates
    ;;
  secret)
    _kumactl_get_secret
    ;;
  secrets)
    _kumactl_get_secrets
    ;;
  traffic-log)
    _kumactl_get_traffic-log
    ;;
  traffic-logs)
    _kumactl_get_traffic-logs
    ;;
  traffic-permission)
    _kumactl_get_traffic-permission
    ;;
  traffic-permissions)
    _kumactl_get_traffic-permissions
    ;;
  traffic-route)
    _kumactl_get_traffic-route
    ;;
  traffic-routes)
    _kumactl_get_traffic-routes
    ;;
  traffic-trace)
    _kumactl_get_traffic-trace
    ;;
  traffic-traces)
    _kumactl_get_traffic-traces
    ;;
  zone)
    _kumactl_get_zone
    ;;
  zones)
    _kumactl_get_zones
    ;;
  esac
}

function _kumactl_get_circuit-breaker {
  _arguments \
    '--config-file[path to the configuration file to use]:' \
    '--log-level[log level: one of off|info|debug]:' \
    '(-m --mesh)'{-m,--mesh}'[mesh to use]:' \
    '(-o --output)'{-o,--output}'[output format: one of table|yaml|json]:'
}

function _kumactl_get_circuit-breakers {
  _arguments \
    '--offset[the offset that indicates starting element of the resources list to retrieve]:' \
    '--size[maximum number of elements to return]:' \
    '--config-file[path to the configuration file to use]:' \
    '--log-level[log level: one of off|info|debug]:' \
    '(-m --mesh)'{-m,--mesh}'[mesh to use]:' \
    '(-o --output)'{-o,--output}'[output format: one of table|yaml|json]:'
}

function _kumactl_get_dataplane {
  _arguments \
    '--config-file[path to the configuration file to use]:' \
    '--log-level[log level: one of off|info|debug]:' \
    '(-m --mesh)'{-m,--mesh}'[mesh to use]:' \
    '(-o --output)'{-o,--output}'[output format: one of table|yaml|json]:'
}

function _kumactl_get_dataplanes {
  _arguments \
    '--offset[the offset that indicates starting element of the resources list to retrieve]:' \
    '--size[maximum number of elements to return]:' \
    '--config-file[path to the configuration file to use]:' \
    '--log-level[log level: one of off|info|debug]:' \
    '(-m --mesh)'{-m,--mesh}'[mesh to use]:' \
    '(-o --output)'{-o,--output}'[output format: one of table|yaml|json]:'
}

function _kumactl_get_fault-injection {
  _arguments \
    '--config-file[path to the configuration file to use]:' \
    '--log-level[log level: one of off|info|debug]:' \
    '(-m --mesh)'{-m,--mesh}'[mesh to use]:' \
    '(-o --output)'{-o,--output}'[output format: one of table|yaml|json]:'
}

function _kumactl_get_fault-injections {
  _arguments \
    '--offset[the offset that indicates starting element of the resources list to retrieve]:' \
    '--size[maximum number of elements to return]:' \
    '--config-file[path to the configuration file to use]:' \
    '--log-level[log level: one of off|info|debug]:' \
    '(-m --mesh)'{-m,--mesh}'[mesh to use]:' \
    '(-o --output)'{-o,--output}'[output format: one of table|yaml|json]:'
}

function _kumactl_get_healthcheck {
  _arguments \
    '--config-file[path to the configuration file to use]:' \
    '--log-level[log level: one of off|info|debug]:' \
    '(-m --mesh)'{-m,--mesh}'[mesh to use]:' \
    '(-o --output)'{-o,--output}'[output format: one of table|yaml|json]:'
}

function _kumactl_get_healthchecks {
  _arguments \
    '--offset[the offset that indicates starting element of the resources list to retrieve]:' \
    '--size[maximum number of elements to return]:' \
    '--config-file[path to the configuration file to use]:' \
    '--log-level[log level: one of off|info|debug]:' \
    '(-m --mesh)'{-m,--mesh}'[mesh to use]:' \
    '(-o --output)'{-o,--output}'[output format: one of table|yaml|json]:'
}

function _kumactl_get_mesh {
  _arguments \
    '--config-file[path to the configuration file to use]:' \
    '--log-level[log level: one of off|info|debug]:' \
    '(-m --mesh)'{-m,--mesh}'[mesh to use]:' \
    '(-o --output)'{-o,--output}'[output format: one of table|yaml|json]:'
}

function _kumactl_get_meshes {
  _arguments \
    '--offset[the offset that indicates starting element of the resources list to retrieve]:' \
    '--size[maximum number of elements to return]:' \
    '--config-file[path to the configuration file to use]:' \
    '--log-level[log level: one of off|info|debug]:' \
    '(-m --mesh)'{-m,--mesh}'[mesh to use]:' \
    '(-o --output)'{-o,--output}'[output format: one of table|yaml|json]:'
}

function _kumactl_get_proxytemplate {
  _arguments \
    '--config-file[path to the configuration file to use]:' \
    '--log-level[log level: one of off|info|debug]:' \
    '(-m --mesh)'{-m,--mesh}'[mesh to use]:' \
    '(-o --output)'{-o,--output}'[output format: one of table|yaml|json]:'
}

function _kumactl_get_proxytemplates {
  _arguments \
    '--offset[the offset that indicates starting element of the resources list to retrieve]:' \
    '--size[maximum number of elements to return]:' \
    '--config-file[path to the configuration file to use]:' \
    '--log-level[log level: one of off|info|debug]:' \
    '(-m --mesh)'{-m,--mesh}'[mesh to use]:' \
    '(-o --output)'{-o,--output}'[output format: one of table|yaml|json]:'
}

function _kumactl_get_secret {
  _arguments \
    '--config-file[path to the configuration file to use]:' \
    '--log-level[log level: one of off|info|debug]:' \
    '(-m --mesh)'{-m,--mesh}'[mesh to use]:' \
    '(-o --output)'{-o,--output}'[output format: one of table|yaml|json]:'
}

function _kumactl_get_secrets {
  _arguments \
    '--config-file[path to the configuration file to use]:' \
    '--log-level[log level: one of off|info|debug]:' \
    '(-m --mesh)'{-m,--mesh}'[mesh to use]:' \
    '(-o --output)'{-o,--output}'[output format: one of table|yaml|json]:'
}

function _kumactl_get_traffic-log {
  _arguments \
    '--config-file[path to the configuration file to use]:' \
    '--log-level[log level: one of off|info|debug]:' \
    '(-m --mesh)'{-m,--mesh}'[mesh to use]:' \
    '(-o --output)'{-o,--output}'[output format: one of table|yaml|json]:'
}

function _kumactl_get_traffic-logs {
  _arguments \
    '--offset[the offset that indicates starting element of the resources list to retrieve]:' \
    '--size[maximum number of elements to return]:' \
    '--config-file[path to the configuration file to use]:' \
    '--log-level[log level: one of off|info|debug]:' \
    '(-m --mesh)'{-m,--mesh}'[mesh to use]:' \
    '(-o --output)'{-o,--output}'[output format: one of table|yaml|json]:'
}

function _kumactl_get_traffic-permission {
  _arguments \
    '--config-file[path to the configuration file to use]:' \
    '--log-level[log level: one of off|info|debug]:' \
    '(-m --mesh)'{-m,--mesh}'[mesh to use]:' \
    '(-o --output)'{-o,--output}'[output format: one of table|yaml|json]:'
}

function _kumactl_get_traffic-permissions {
  _arguments \
    '--offset[the offset that indicates starting element of the resources list to retrieve]:' \
    '--size[maximum number of elements to return]:' \
    '--config-file[path to the configuration file to use]:' \
    '--log-level[log level: one of off|info|debug]:' \
    '(-m --mesh)'{-m,--mesh}'[mesh to use]:' \
    '(-o --output)'{-o,--output}'[output format: one of table|yaml|json]:'
}

function _kumactl_get_traffic-route {
  _arguments \
    '--config-file[path to the configuration file to use]:' \
    '--log-level[log level: one of off|info|debug]:' \
    '(-m --mesh)'{-m,--mesh}'[mesh to use]:' \
    '(-o --output)'{-o,--output}'[output format: one of table|yaml|json]:'
}

function _kumactl_get_traffic-routes {
  _arguments \
    '--offset[the offset that indicates starting element of the resources list to retrieve]:' \
    '--size[maximum number of elements to return]:' \
    '--config-file[path to the configuration file to use]:' \
    '--log-level[log level: one of off|info|debug]:' \
    '(-m --mesh)'{-m,--mesh}'[mesh to use]:' \
    '(-o --output)'{-o,--output}'[output format: one of table|yaml|json]:'
}

function _kumactl_get_traffic-trace {
  _arguments \
    '--config-file[path to the configuration file to use]:' \
    '--log-level[log level: one of off|info|debug]:' \
    '(-m --mesh)'{-m,--mesh}'[mesh to use]:' \
    '(-o --output)'{-o,--output}'[output format: one of table|yaml|json]:'
}

function _kumactl_get_traffic-traces {
  _arguments \
    '--offset[the offset that indicates starting element of the resources list to retrieve]:' \
    '--size[maximum number of elements to return]:' \
    '--config-file[path to the configuration file to use]:' \
    '--log-level[log level: one of off|info|debug]:' \
    '(-m --mesh)'{-m,--mesh}'[mesh to use]:' \
    '(-o --output)'{-o,--output}'[output format: one of table|yaml|json]:'
}

function _kumactl_get_zone {
  _arguments \
    '--config-file[path to the configuration file to use]:' \
    '--log-level[log level: one of off|info|debug]:' \
    '(-m --mesh)'{-m,--mesh}'[mesh to use]:' \
    '(-o --output)'{-o,--output}'[output format: one of table|yaml|json]:'
}

function _kumactl_get_zones {
  _arguments \
    '--offset[the offset that indicates starting element of the resources list to retrieve]:' \
    '--size[maximum number of elements to return]:' \
    '--config-file[path to the configuration file to use]:' \
    '--log-level[log level: one of off|info|debug]:' \
    '(-m --mesh)'{-m,--mesh}'[mesh to use]:' \
    '(-o --output)'{-o,--output}'[output format: one of table|yaml|json]:'
}

function _kumactl_help {
  _arguments \
    '--config-file[path to the configuration file to use]:' \
    '--log-level[log level: one of off|info|debug]:' \
    '(-m --mesh)'{-m,--mesh}'[mesh to use]:'
}


function _kumactl_inspect {
  local -a commands

  _arguments -C \
    '(-o --output)'{-o,--output}'[output format: one of table|yaml|json]:' \
    '--config-file[path to the configuration file to use]:' \
    '--log-level[log level: one of off|info|debug]:' \
    '(-m --mesh)'{-m,--mesh}'[mesh to use]:' \
    "1: :->cmnds" \
    "*::arg:->args"

  case $state in
  cmnds)
    commands=(
      "dataplanes:Inspect Dataplanes"
      "zones:Inspect Zones"
    )
    _describe "command" commands
    ;;
  esac

  case "$words[1]" in
  dataplanes)
    _kumactl_inspect_dataplanes
    ;;
  zones)
    _kumactl_inspect_zones
    ;;
  esac
}

function _kumactl_inspect_dataplanes {
  _arguments \
    '--gateway[filter gateway dataplanes]' \
    '--tag[filter by tag in format of key=value. You can provide many tags]:' \
    '--config-file[path to the configuration file to use]:' \
    '--log-level[log level: one of off|info|debug]:' \
    '(-m --mesh)'{-m,--mesh}'[mesh to use]:' \
    '(-o --output)'{-o,--output}'[output format: one of table|yaml|json]:'
}

function _kumactl_inspect_zones {
  _arguments \
    '--config-file[path to the configuration file to use]:' \
    '--log-level[log level: one of off|info|debug]:' \
    '(-m --mesh)'{-m,--mesh}'[mesh to use]:' \
    '(-o --output)'{-o,--output}'[output format: one of table|yaml|json]:'
}


function _kumactl_install {
  local -a commands

  _arguments -C \
    '--config-file[path to the configuration file to use]:' \
    '--log-level[log level: one of off|info|debug]:' \
    '(-m --mesh)'{-m,--mesh}'[mesh to use]:' \
    "1: :->cmnds" \
    "*::arg:->args"

  case $state in
  cmnds)
    commands=(
      "control-plane:Install Kuma Control Plane on Kubernetes"
      "dns:Install DNS to Kubernetes"
      "ingress:Install Ingress on Kubernetes"
      "logging:Install Logging backend in Kubernetes cluster (Loki)"
      "metrics:Install Metrics backend in Kubernetes cluster (Prometheus + Grafana)"
      "tracing:Install Tracing backend in Kubernetes cluster (Jaeger)"
    )
    _describe "command" commands
    ;;
  esac

  case "$words[1]" in
  control-plane)
    _kumactl_install_control-plane
    ;;
  dns)
    _kumactl_install_dns
    ;;
  ingress)
    _kumactl_install_ingress
    ;;
  logging)
    _kumactl_install_logging
    ;;
  metrics)
    _kumactl_install_metrics
    ;;
  tracing)
    _kumactl_install_tracing
    ;;
  esac
}

function _kumactl_install_control-plane {
  _arguments \
    '--cni-enabled[install Kuma with CNI instead of proxy init container]' \
    '--cni-registry[registry for the image of the Kuma CNI component]:' \
    '--cni-repository[repository for the image of the Kuma CNI component]:' \
    '--cni-version[version of the image of the Kuma CNI component]:' \
    '--control-plane-registry[registry for the image of the Kuma Control Plane component]:' \
    '--control-plane-repository[repository for the image of the Kuma Control Plane component]:' \
    '--control-plane-service-name[Service name of the Kuma Control Plane]:' \
    '--control-plane-version[version of the image of the Kuma Control Plane component]:' \
    '--dataplane-init-registry[registry for the init image of the Kuma DataPlane component]:' \
    '--dataplane-init-repository[repository for the init image of the Kuma DataPlane component]:' \
    '--dataplane-init-version[version of the init image of the Kuma DataPlane component]:' \
    '--dataplane-registry[registry for the image of the Kuma DataPlane component]:' \
    '--dataplane-repository[repository for the image of the Kuma DataPlane component]:' \
    '--dataplane-version[version of the image of the Kuma DataPlane component]:' \
    '--image-pull-policy[image pull policy that applies to all components of the Kuma Control Plane]:' \
    '--injector-failure-policy[failue policy of the mutating web hook implemented by the Kuma Injector component]:' \
    '--kds-global-address[URL of Global Kuma CP (example: grpcs://192.168.0.1:5685)]:' \
    '--mode[kuma cp modes: one of standalone|remote|global]:' \
    '--namespace[namespace to install Kuma Control Plane to]:' \
    '--tls-cert[TLS certificate for Kuma Control Plane servers]:' \
    '--tls-key[TLS key for Kuma Control Plane servers]:' \
    '--use-node-port[use NodePort instead of LoadBalancer]' \
    '--zone[set the Kuma zone name]:' \
    '--config-file[path to the configuration file to use]:' \
    '--log-level[log level: one of off|info|debug]:' \
    '(-m --mesh)'{-m,--mesh}'[mesh to use]:'
}

function _kumactl_install_dns {
  _arguments \
    '--port[port of the Kuma DNS server]:' \
    '--config-file[path to the configuration file to use]:' \
    '--log-level[log level: one of off|info|debug]:' \
    '(-m --mesh)'{-m,--mesh}'[mesh to use]:'
}

function _kumactl_install_ingress {
  _arguments \
    '--drain-time[drain time for Envoy proxy]:' \
    '--image[image of the Ingress component]:' \
    '--image-pull-policy[image pull policy for Ingress]:' \
    '--kuma-cp-address[the address of Kuma CP]:' \
    '--namespace[namespace to install Ingress to]:' \
    '--use-node-port[use NodePort instead of LoadBalancer]' \
    '--version[version of Ingress component]:' \
    '--config-file[path to the configuration file to use]:' \
    '--log-level[log level: one of off|info|debug]:' \
    '(-m --mesh)'{-m,--mesh}'[mesh to use]:'
}

function _kumactl_install_logging {
  _arguments \
    '--namespace[namespace to install logging to]:' \
    '--config-file[path to the configuration file to use]:' \
    '--log-level[log level: one of off|info|debug]:' \
    '(-m --mesh)'{-m,--mesh}'[mesh to use]:'
}

function _kumactl_install_metrics {
  _arguments \
    '--kuma-cp-address[the address of Kuma CP]:' \
    '--kuma-prometheus-sd-image[image name of Kuma Prometheus SD]:' \
    '--kuma-prometheus-sd-version[version of Kuma Prometheus SD]:' \
    '--namespace[namespace to install metrics to]:' \
    '--config-file[path to the configuration file to use]:' \
    '--log-level[log level: one of off|info|debug]:' \
    '(-m --mesh)'{-m,--mesh}'[mesh to use]:'
}

function _kumactl_install_tracing {
  _arguments \
    '--namespace[namespace to install tracing to]:' \
    '--config-file[path to the configuration file to use]:' \
    '--log-level[log level: one of off|info|debug]:' \
    '(-m --mesh)'{-m,--mesh}'[mesh to use]:'
}

function _kumactl_version {
  _arguments \
    '(-a --detailed)'{-a,--detailed}'[Print detailed version]' \
    '--config-file[path to the configuration file to use]:' \
    '--log-level[log level: one of off|info|debug]:' \
    '(-m --mesh)'{-m,--mesh}'[mesh to use]:'
}

